// Jest Snapshot v1, https://goo.gl/fbAQLP

exports[`Recaptcha Should render ReCAPTCHA: ReCAPTCHA options 1`] = `
Object {
  "badge": undefined,
  "callback": [Function],
  "enterprise": false,
  "error-callback": [Function],
  "expired-callback": [Function],
  "language": "",
  "loadRecaptchaScript": false,
  "recaptchaHost": "www.google.com",
  "recaptchaScriptId": "__RECAPTCHA_SCRIPT",
  "sitekey": "sitekey",
  "size": undefined,
  "tabindex": undefined,
  "theme": undefined,
  "type": undefined,
}
`;
